#-----------------------------------------------------------
# Vivado v2024.1 (64-bit)
# SW Build 5076996 on Wed May 22 18:37:14 MDT 2024
# IP Build 5075265 on Wed May 22 21:45:21 MDT 2024
# SharedData Build 5076995 on Wed May 22 18:29:18 MDT 2024
# Start of session at: Mon Mar 16 13:57:20 2026
# Process ID: 15316
# Current directory: D:/Mamba/project_mamba_all1/project_mamba_all1.runs/bias2sigmoid_fifo_synth_1
# Command line: vivado.exe -log bias2sigmoid_fifo.vds -product Vivado -mode batch -messageDb vivado.pb -notrace -source bias2sigmoid_fifo.tcl
# Log file: D:/Mamba/project_mamba_all1/project_mamba_all1.runs/bias2sigmoid_fifo_synth_1/bias2sigmoid_fifo.vds
# Journal file: D:/Mamba/project_mamba_all1/project_mamba_all1.runs/bias2sigmoid_fifo_synth_1\vivado.jou
# Running On        :DESKTOP-JL9PPGK
# Platform          :Windows Server 2016 or Windows 10
# Operating System  :26200
# Processor Detail  :Intel(R) Core(TM) i7-10510U CPU @ 1.80GHz
# CPU Frequency     :2304 MHz
# CPU Physical cores:4
# CPU Logical cores :8
# Host memory       :16918 MB
# Swap memory       :9701 MB
# Total Virtual     :26619 MB
# Available Virtual :1617 MB
#-----------------------------------------------------------
source bias2sigmoid_fifo.tcl -notrace
